// Jest Snapshot v1, https://goo.gl/fbAQLP

exports[`Image Snapshots matches snapshot 1`] = `
<div>
  <div
    class=" gatsby-image-wrapper"
    style="position: relative; overflow: hidden;"
  >
    <div
      aria-hidden="true"
      style="width: 100%; padding-bottom: 100%;"
    />
    <img
      alt=""
      aria-hidden="true"
      src="data:image/png;base64,pretend-i-am-a-base64-encoded-image"
      style="position: absolute; top: 0px; left: 0px; width: 100%; height: 100%; object-fit: cover; object-position: center; opacity: 1; transition-delay: 500ms;"
    />
    <picture>
      <source
        sizes="(max-width: 300px) 100vw, 300px"
        srcset="/static/some-path1/gatsby-astronaut.png 75w,
/static/some-path2/gatsby-astronaut.png 150w,
/static/some-path3/gatsby-astronaut.png 300w,
/static/some-path4/gatsby-astronaut.png 450w,
/static/some-path5/gatsby-astronaut.png 600w,
/static/some-path6/gatsby-astronaut.png 800w"
      />
      <img
        alt=""
        loading="lazy"
        sizes="(max-width: 300px) 100vw, 300px"
        src="/static/some-path/gatsby-astronaut.png"
        srcset="/static/some-path1/gatsby-astronaut.png 75w,
/static/some-path2/gatsby-astronaut.png 150w,
/static/some-path3/gatsby-astronaut.png 300w,
/static/some-path4/gatsby-astronaut.png 450w,
/static/some-path5/gatsby-astronaut.png 600w,
/static/some-path6/gatsby-astronaut.png 800w"
        style="position: absolute; top: 0px; left: 0px; width: 100%; height: 100%; object-fit: cover; object-position: center; opacity: 0; transition: opacity 500ms;"
      />
    </picture>
    <noscript>
      &lt;picture&gt;&lt;source srcset="/static/some-path1/gatsby-astronaut.png 75w,
/static/some-path2/gatsby-astronaut.png 150w,
/static/some-path3/gatsby-astronaut.png 300w,
/static/some-path4/gatsby-astronaut.png 450w,
/static/some-path5/gatsby-astronaut.png 600w,
/static/some-path6/gatsby-astronaut.png 800w" sizes="(max-width: 300px) 100vw, 300px" /&gt;&lt;img loading="lazy" sizes="(max-width: 300px) 100vw, 300px" srcset="/static/some-path1/gatsby-astronaut.png 75w,
/static/some-path2/gatsby-astronaut.png 150w,
/static/some-path3/gatsby-astronaut.png 300w,
/static/some-path4/gatsby-astronaut.png 450w,
/static/some-path5/gatsby-astronaut.png 600w,
/static/some-path6/gatsby-astronaut.png 800w" src="/static/some-path/gatsby-astronaut.png" alt="" style="position:absolute;top:0;left:0;opacity:1;width:100%;height:100%;object-fit:cover;object-position:center"/&gt;&lt;/picture&gt;
    </noscript>
  </div>
</div>
`;

exports[`PureImage Snapshots matches snapshot 1`] = `
<div>
  <div
    class=" gatsby-image-wrapper"
    style="position: relative; overflow: hidden;"
  >
    <div
      aria-hidden="true"
      style="width: 100%; padding-bottom: 100%;"
    />
    <img
      alt=""
      aria-hidden="true"
      src="data:image/png;base64,pretend-i-am-a-base64-encoded-image"
      style="position: absolute; top: 0px; left: 0px; width: 100%; height: 100%; object-fit: cover; object-position: center; opacity: 1; transition-delay: 500ms;"
    />
    <picture>
      <source
        sizes="(max-width: 300px) 100vw, 300px"
        srcset="/static/some-path1/gatsby-astronaut.png 75w,
/static/some-path2/gatsby-astronaut.png 150w,
/static/some-path3/gatsby-astronaut.png 300w,
/static/some-path4/gatsby-astronaut.png 450w,
/static/some-path5/gatsby-astronaut.png 600w,
/static/some-path6/gatsby-astronaut.png 800w"
      />
      <img
        alt=""
        loading="lazy"
        sizes="(max-width: 300px) 100vw, 300px"
        src="/static/some-path/gatsby-astronaut.png"
        srcset="/static/some-path1/gatsby-astronaut.png 75w,
/static/some-path2/gatsby-astronaut.png 150w,
/static/some-path3/gatsby-astronaut.png 300w,
/static/some-path4/gatsby-astronaut.png 450w,
/static/some-path5/gatsby-astronaut.png 600w,
/static/some-path6/gatsby-astronaut.png 800w"
        style="position: absolute; top: 0px; left: 0px; width: 100%; height: 100%; object-fit: cover; object-position: center; opacity: 0; transition: opacity 500ms;"
      />
    </picture>
    <noscript>
      &lt;picture&gt;&lt;source srcset="/static/some-path1/gatsby-astronaut.png 75w,
/static/some-path2/gatsby-astronaut.png 150w,
/static/some-path3/gatsby-astronaut.png 300w,
/static/some-path4/gatsby-astronaut.png 450w,
/static/some-path5/gatsby-astronaut.png 600w,
/static/some-path6/gatsby-astronaut.png 800w" sizes="(max-width: 300px) 100vw, 300px" /&gt;&lt;img loading="lazy" sizes="(max-width: 300px) 100vw, 300px" srcset="/static/some-path1/gatsby-astronaut.png 75w,
/static/some-path2/gatsby-astronaut.png 150w,
/static/some-path3/gatsby-astronaut.png 300w,
/static/some-path4/gatsby-astronaut.png 450w,
/static/some-path5/gatsby-astronaut.png 600w,
/static/some-path6/gatsby-astronaut.png 800w" src="/static/some-path/gatsby-astronaut.png" alt="" style="position:absolute;top:0;left:0;opacity:1;width:100%;height:100%;object-fit:cover;object-position:center"/&gt;&lt;/picture&gt;
    </noscript>
  </div>
</div>
`;
